
Hexadecimal

Area                               Addr   Size   Decimal Bytes (Attributes)
--------------------------------   ----   ----   ------- ----- ------------
CABS                               0000   0000 =      0. bytes (ABS,CON,CODE)

      Value  Global
   --------  --------------------------------
  0C:FFFFFF00    s_BSEG
  0C:0000    _T1_int
  0C:0000    _X1_int
  0C:0000    _alarm
  0C:0000    _alarm_obj
  0C:0000    _connected
  0C:0000    _delay_timer
  0C:0000    _eeprom
  0C:0000    _event
  0C:0000    _fernalarm
  0C:0000    _key
  0C:0000    _process_tel
  0C:0000    _restart_app
  0C:0000    _restart_hw
  0C:0000    _send_obj_value
  0C:0000    _status60
  0C:0000    _stoerung
  0C:0000    _stoerung_obj
  0C:0000    _tel_arrived
  0C:0000    l_BIT_BANK
  0C:0000    l_BSEG
  0C:0000    l_BSEG_BYTES
  0C:0000    l_CABS
  0C:0000    l_CONST
  0C:0000    l_GSINIT
  0C:0000    l_GSINIT1
  0C:0000    l_GSINIT5
  0C:0000    l_IABS
  0C:0000    l_ISEG
  0C:0000    l_OSEG
  0C:0000    l_PSEG
  0C:0000    l_REG_BANK_1
  0C:0000    l_REG_BANK_2
  0C:0000    l_REG_BANK_3
  0C:0000    l_RSEG
  0C:0000    l_XABS
  0C:0000    l_XINIT
  0C:0000    l_XISEG
  0C:0000    l_XSEG
  0C:0000    l__CODE
  0C:0000    s_BSEG_BYTES
  0C:0000    s_CABS
  0C:0000    s_DSEG
  0C:0000    s_HOME
  0C:0000    s_IABS
  0C:0000    s_ISEG
  0C:0000    s_PSEG
  0C:0000    s_REG_BANK_0
  0C:0000    s_XABS
  0C:0000    s_XISEG
  0C:0000    s_XSEG
  0C:0003    l_GSFINAL
  0C:0003    l_GSINIT0
  0C:0008    l_REG_BANK_0
  0C:0008    s_REG_BANK_1
  0C:0008    s_RSEG
  0C:0008    s_SSEG
  0C:000A    l_GSINIT2
  0C:0010    s_REG_BANK_2
  0C:0018    s_BIT_BANK
  0C:0018    s_OSEG
  0C:0018    s_REG_BANK_3
  0C:0020    s__CODE
  0C:0022    l_GSINIT3
  0C:002A    l_GSINIT4
  0C:0043    l_HOME
  0C:0043    s_GSINIT0
  0C:0046    s_GSINIT1
  0C:0046    s_GSINIT2
  0C:0050    s_GSINIT3
  0C:0072    s_GSINIT4
  0C:0080    l_DSEG
  0C:0091    l_CSEG
  0C:009C    s_GSFINAL
  0C:009C    s_GSINIT
  0C:009C    s_GSINIT5
  0C:009F    s_CSEG
  0C:00F8    l_SSEG
  0C:0100    l_IRAM
  0C:0130    s_CONST
  0C:0130    s_XINIT



Hexadecimal

Area                               Addr   Size   Decimal Bytes (Attributes)
--------------------------------   ----   ----   ------- ----- ------------
.  .ABS.                           0000   0000 =      0. bytes (ABS,CON)

      Value  Global
   --------  --------------------------------
     0080    G$P0$0$0
     0080    G$P0_0$0$0
     0080    _P0
     0080    _P0_0
     0081    G$P0_1$0$0
     0081    G$SP$0$0
     0081    _P0_1
     0081    _SP
     0082    G$DPL$0$0
     0082    G$P0_2$0$0
     0082    _DPL
     0082    _P0_2
     0083    G$DPH$0$0
     0083    G$P0_3$0$0
     0083    _DPH
     0083    _P0_3
     0084    G$P0M1$0$0
     0084    G$P0_4$0$0
     0084    _P0M1
     0084    _P0_4
     0085    G$P0M2$0$0
     0085    G$P0_5$0$0
     0085    _P0M2
     0085    _P0_5
     0086    G$KBMASK$0$0
     0086    G$P0_6$0$0
     0086    _KBMASK
     0086    _P0_6
     0087    G$P0_7$0$0
     0087    G$PCON$0$0
     0087    _P0_7
     0087    _PCON
     0088    G$TCON$0$0
     0088    G$TCON_0$0$0
     0088    _TCON
     0088    _TCON_0
     0089    G$TCON_1$0$0
     0089    G$TMOD$0$0
     0089    _TCON_1
     0089    _TMOD
     008A    G$TCON_2$0$0
     008A    G$TL0$0$0
     008A    _TCON_2
     008A    _TL0
     008B    G$TCON_3$0$0
     008B    G$TL1$0$0
     008B    _TCON_3
     008B    _TL1
     008C    G$TCON_4$0$0
     008C    G$TH0$0$0
     008C    _TCON_4
     008C    _TH0
     008D    G$TCON_5$0$0
     008D    G$TH1$0$0
     008D    _TCON_5
     008D    _TH1
     008E    G$TCON_6$0$0
     008E    _TCON_6
     008F    G$TAMOD$0$0
     008F    G$TCON_7$0$0
     008F    _TAMOD
     008F    _TCON_7
     0090    G$P1$0$0
     0090    G$P1_0$0$0
     0090    _P1
     0090    _P1_0
     0091    G$P1M1$0$0
     0091    G$P1_1$0$0
     0091    _P1M1
     0091    _P1_1
     0092    G$P1M2$0$0
     0092    G$P1_2$0$0
     0092    _P1M2
     0092    _P1_2
     0093    G$KBPATN$0$0
     0093    G$P1_3$0$0
     0093    _KBPATN
     0093    _P1_3
     0094    G$KBCON$0$0
     0094    G$P1_4$0$0
     0094    _KBCON
     0094    _P1_4
     0095    G$DIVM$0$0
     0095    G$P1_5$0$0
     0095    _DIVM
     0095    _P1_5
     0096    G$P1_6$0$0
     0096    G$TRIM$0$0
     0096    _P1_6
     0096    _TRIM
     0097    G$P1_7$0$0
     0097    _P1_7
     0098    G$SCON$0$0
     0098    G$SCON_0$0$0
     0098    _SCON
     0098    _SCON_0
     0099    G$SBUF$0$0
     0099    G$SCON_1$0$0
     0099    _SBUF
     0099    _SCON_1
     009A    G$SCON_2$0$0
     009A    _SCON_2
     009B    G$SCON_3$0$0
     009B    _SCON_3
     009C    G$SCON_4$0$0
     009C    _SCON_4
     009D    G$SCON_5$0$0
     009D    _SCON_5
     009E    G$SCON_6$0$0
     009E    _SCON_6
     009F    G$SCON_7$0$0
     009F    _SCON_7
     00A0    __XPAGE
     00A2    G$AUXR1$0$0
     00A2    _AUXR1
     00A7    G$WDCON$0$0
     00A7    _WDCON
     00A8    G$IEN0$0$0
     00A8    G$IEN0_0$0$0
     00A8    _IEN0
     00A8    _IEN0_0
     00A9    G$IEN0_1$0$0
     00A9    G$SADDR$0$0
     00A9    _IEN0_1
     00A9    _SADDR
     00AA    G$IEN0_2$0$0
     00AA    _IEN0_2
     00AB    G$IEN0_3$0$0
     00AB    _IEN0_3
     00AC    G$CMP1$0$0
     00AC    G$IEN0_4$0$0
     00AC    _CMP1
     00AC    _IEN0_4
     00AD    G$CMP2$0$0
     00AD    G$IEN0_5$0$0
     00AD    _CMP2
     00AD    _IEN0_5
     00AE    G$IEN0_6$0$0
     00AE    _IEN0_6
     00AF    G$IEN0_7$0$0
     00AF    _IEN0_7
     00B0    G$P3$0$0
     00B0    G$P3_0$0$0
     00B0    _P3
     00B0    _P3_0
     00B1    G$P3M1$0$0
     00B1    G$P3_1$0$0
     00B1    _P3M1
     00B1    _P3_1
     00B2    G$P3M2$0$0
     00B2    _P3M2
     00B5    G$PCONA$0$0
     00B5    _PCONA
     00B7    G$IP0H$0$0
     00B7    _IP0H
     00B8    G$IP0$0$0
     00B8    G$IP0_0$0$0
     00B8    _IP0
     00B8    _IP0_0
     00B9    G$IP0_1$0$0
     00B9    G$SADEN$0$0
     00B9    _IP0_1
     00B9    _SADEN
     00BA    G$IP0_2$0$0
     00BA    G$SSTAT$0$0
     00BA    _IP0_2
     00BA    _SSTAT
     00BB    G$IP0_3$0$0
     00BB    _IP0_3
     00BC    G$IP0_4$0$0
     00BC    _IP0_4
     00BD    G$BRGCON$0$0
     00BD    G$IP0_5$0$0
     00BD    _BRGCON
     00BD    _IP0_5
     00BE    G$BRGR0$0$0
     00BE    G$IP0_6$0$0
     00BE    _BRGR0
     00BE    _IP0_6
     00BF    G$BRGR1$0$0
     00BF    _BRGR1
     00C1    G$WDL$0$0
     00C1    _WDL
     00C2    G$WFEED1$0$0
     00C2    _WFEED1
     00C3    G$WFEED2$0$0
     00C3    _WFEED2
     00D0    G$PSW$0$0
     00D0    G$PSW_0$0$0
     00D0    _PSW
     00D0    _PSW_0
     00D1    G$PSW_1$0$0
     00D1    G$RTCCON$0$0
     00D1    _PSW_1
     00D1    _RTCCON
     00D2    G$PSW_2$0$0
     00D2    G$RTCH$0$0
     00D2    _PSW_2
     00D2    _RTCH
     00D3    G$PSW_3$0$0
     00D3    G$RTCL$0$0
     00D3    _PSW_3
     00D3    _RTCL
     00D4    G$PSW_4$0$0
     00D4    _PSW_4
     00D5    G$PSW_5$0$0
     00D5    _PSW_5
     00D6    G$PSW_6$0$0
     00D6    _PSW_6
     00D7    G$PSW_7$0$0
     00D7    _PSW_7
     00D8    G$I2CON$0$0
     00D8    G$I2CON_0$0$0
     00D8    _I2CON
     00D8    _I2CON_0
     00D9    G$I2STAT$0$0
     00D9    _I2STAT
     00DA    G$I2CON_2$0$0
     00DA    G$I2DAT$0$0
     00DA    _I2CON_2
     00DA    _I2DAT
     00DB    G$I2ADR$0$0
     00DB    G$I2CON_3$0$0
     00DB    _I2ADR
     00DB    _I2CON_3
     00DC    G$I2CON_4$0$0
     00DC    G$I2SCLL$0$0
     00DC    _I2CON_4
     00DC    _I2SCLL
     00DD    G$I2CON_5$0$0
     00DD    G$I2SCLH$0$0
     00DD    _I2CON_5
     00DD    _I2SCLH
     00DE    G$I2CON_6$0$0
     00DE    _I2CON_6
     00DF    G$RSTSRC$0$0
     00DF    _RSTSRC
     00E0    G$ACC$0$0
     00E0    _ACC
     00E4    G$FMCON$0$0
     00E4    _FMCON
     00E5    G$FMDATA$0$0
     00E5    _FMDATA
     00E6    G$FMADRL$0$0
     00E6    _FMADRL
     00E7    G$FMADRH$0$0
     00E7    _FMADRH
     00E8    G$IEN1$0$0
     00E8    G$IEN1_0$0$0
     00E8    _IEN1
     00E8    _IEN1_0
     00E9    G$IEN1_1$0$0
     00E9    _IEN1_1
     00EA    G$IEN1_2$0$0
     00EA    _IEN1_2
     00F0    G$B$0$0
     00F0    _B
     00F6    G$PT0AD$0$0
     00F6    _PT0AD
     00F7    G$IP1H$0$0
     00F7    _IP1H
     00F8    G$IP1$0$0
     00F8    G$IP1_0$0$0
     00F8    _IP1
     00F8    _IP1_0
     00F9    G$IP1_1$0$0
     00F9    _IP1_1
     00FA    G$IP1_2$0$0
     00FA    _IP1_2
     00FE    G$IP1_6$0$0
     00FE    _IP1_6












Hexadecimal

Area                               Addr   Size   Decimal Bytes (Attributes)
--------------------------------   ----   ----   ------- ----- ------------
SSEG                               0008   00F8 =    248. bytes (REL,OVR)

      Value  Global
   --------  --------------------------------
     0008    __start__stack





Hexadecimal

Area                               Addr   Size   Decimal Bytes (Attributes)
--------------------------------   ----   ----   ------- ----- ------------
HOME                               0000   0043 =     67. bytes (REL,CON,CODE)

      Value  Global
   --------  --------------------------------
  0C:0000    A$rauchmelder$490
  0C:0003    A$rauchmelder$491
  0C:000B    A$rauchmelder$493
  0C:0013    A$rauchmelder$495
  0C:001B    A$rauchmelder$497
  0C:0023    A$rauchmelder$499
  0C:002B    A$rauchmelder$501
  0C:0033    A$rauchmelder$503
  0C:003B    A$rauchmelder$505
  0C:003E    A$rauchmelder$527
  0C:003E    __sdcc_program_startup
  0C:0041    A$rauchmelder$529

Hexadecimal

Area                               Addr   Size   Decimal Bytes (Attributes)
--------------------------------   ----   ----   ------- ----- ------------
GSINIT0                            0043   0003 =      3. bytes (REL,CON,CODE)

      Value  Global
   --------  --------------------------------
  0C:0043    __sdcc_gsinit_startup



Hexadecimal

Area                               Addr   Size   Decimal Bytes (Attributes)
--------------------------------   ----   ----   ------- ----- ------------
GSINIT3                            0050   0022 =     34. bytes (REL,CON,CODE)

      Value  Global
   --------  --------------------------------
  0C:0050    __mcs51_genXINIT

Hexadecimal

Area                               Addr   Size   Decimal Bytes (Attributes)
--------------------------------   ----   ----   ------- ----- ------------
GSINIT4                            0072   002A =     42. bytes (REL,CON,CODE)

      Value  Global
   --------  --------------------------------
  0C:0072    __mcs51_genRAMCLEAR
  0C:0078    __mcs51_genXRAMCLEAR



Hexadecimal

Area                               Addr   Size   Decimal Bytes (Attributes)
--------------------------------   ----   ----   ------- ----- ------------
GSFINAL                            009C   0003 =      3. bytes (REL,CON,CODE)

      Value  Global
   --------  --------------------------------
  0C:009C    A$rauchmelder$520

Hexadecimal

Area                               Addr   Size   Decimal Bytes (Attributes)
--------------------------------   ----   ----   ------- ----- ------------
CSEG                               009F   0091 =    145. bytes (REL,CON,CODE)

      Value  Global
   --------  --------------------------------
  0C:009F    A$rauchmelder$556
  0C:009F    C$rauchmelder.c$27$0$0
  0C:009F    C$rauchmelder.c$32$1$1
  0C:009F    G$main$0$0
  0C:009F    _main
  0C:00A2    A$rauchmelder$559
  0C:00A4    A$rauchmelder$561
  0C:00A7    A$rauchmelder$563
  0C:00A9    A$rauchmelder$566
  0C:00A9    C$rauchmelder.c$35$2$2
  0C:00AB    A$rauchmelder$569
  0C:00AB    C$rauchmelder.c$36$2$2
  0C:00AE    A$rauchmelder$570
  0C:00AF    A$rauchmelder$571
  0C:00B0    A$rauchmelder$572
  0C:00B2    A$rauchmelder$575
  0C:00B2    C$rauchmelder.c$37$2$2
  0C:00B5    A$rauchmelder$576
  0C:00B6    A$rauchmelder$577
  0C:00B7    A$rauchmelder$578
  0C:00B9    A$rauchmelder$581
  0C:00B9    C$rauchmelder.c$38$2$2
  0C:00BB    A$rauchmelder$584
  0C:00BB    C$rauchmelder.c$39$2$2
  0C:00BD    A$rauchmelder$588
  0C:00BD    C$rauchmelder.c$40$2$2
  0C:00C0    A$rauchmelder$591
  0C:00C0    C$rauchmelder.c$34$1$1
  0C:00C1    A$rauchmelder$592
  0C:00C3    A$rauchmelder$596
  0C:00C3    C$rauchmelder.c$42$1$1
  0C:00C6    A$rauchmelder$602
  0C:00C6    C$rauchmelder.c$45$1$1
  0C:00C6    C$rauchmelder.c$46$2$3
  0C:00C9    A$rauchmelder$603
  0C:00CA    A$rauchmelder$604
  0C:00CB    A$rauchmelder$605
  0C:00CC    A$rauchmelder$606
  0C:00CF    A$rauchmelder$607
  0C:00D2    A$rauchmelder$610
  0C:00D2    C$rauchmelder.c$48$3$4
  0C:00D5    A$rauchmelder$613
  0C:00D5    C$rauchmelder.c$49$4$5
  0C:00D7    A$rauchmelder$614
  0C:00DA    A$rauchmelder$615
  0C:00DB    A$rauchmelder$617
  0C:00DD    A$rauchmelder$618
  0C:00E0    A$rauchmelder$621
  0C:00E0    C$rauchmelder.c$50$5$6
  0C:00E3    A$rauchmelder$622
  0C:00E6    A$rauchmelder$625
  0C:00E6    C$rauchmelder.c$51$5$6
  0C:00E8    A$rauchmelder$626
  0C:00EA    A$rauchmelder$630
  0C:00EA    C$rauchmelder.c$53$4$5
  0C:00EC    A$rauchmelder$631
  0C:00EF    A$rauchmelder$632
  0C:00F0    A$rauchmelder$634
  0C:00F2    A$rauchmelder$637
  0C:00F2    C$rauchmelder.c$54$5$7
  0C:00F5    A$rauchmelder$638
  0C:00F8    A$rauchmelder$641
  0C:00F8    C$rauchmelder.c$55$5$7
  0C:00FA    A$rauchmelder$642
  0C:00FC    A$rauchmelder$646
  0C:00FC    C$rauchmelder.c$57$4$5
  0C:00FE    A$rauchmelder$650
  0C:00FE    C$rauchmelder.c$61$2$3
  0C:0101    A$rauchmelder$651
  0C:0104    A$rauchmelder$655
  0C:0104    C$rauchmelder.c$63$2$3
  0C:0106    A$rauchmelder$656
  0C:0108    A$rauchmelder$657
  0C:010A    A$rauchmelder$658
  0C:010D    A$rauchmelder$662
  0C:010D    C$rauchmelder.c$67$2$3
  0C:010F    A$rauchmelder$665
  0C:010F    C$rauchmelder.c$68$2$3
  0C:0112    A$rauchmelder$668
  0C:0112    C$rauchmelder.c$69$1$1
  0C:0114    A$rauchmelder$670
  0C:0116    A$rauchmelder$674
  0C:0116    C$rauchmelder.c$70$3$8
  0C:0119    A$rauchmelder$677
  0C:0119    C$rauchmelder.c$71$3$8
  0C:011C    A$rauchmelder$681
  0C:011C    C$rauchmelder.c$73$2$3
  0C:011E    A$rauchmelder$682
  0C:0120    A$rauchmelder$683
  0C:0121    A$rauchmelder$684
  0C:0124    A$rauchmelder$686
  0C:0126    A$rauchmelder$689
  0C:0126    C$rauchmelder.c$74$1$1
  0C:0128    A$rauchmelder$691
  0C:012A    A$rauchmelder$696
  0C:012A    C$rauchmelder.c$75$1$1
  0C:012A    C$rauchmelder.c$76$1$1
  0C:012A    XG$main$0$0
  0C:012C    __sdcc_external_startup


ASxxxx Linker V01.75 + NoICE + SDCC Feb 1999,  page 1.

Files Linked      [ module(s) ]

rauchmelder.rel 

Libraries Linked            [   object  file   ]

/usr/bin/../share/sdcc/lib/small/mcs51.lib    [     crtclear.rel ]
/usr/bin/../share/sdcc/lib/small/mcs51.lib    [     crtxinit.rel ]
/usr/bin/../share/sdcc/lib/small/mcs51.lib    [    crtxclear.rel ]
/usr/bin/../share/sdcc/lib/small/mcs51.lib    [   crtpagesfr.rel ]
/usr/bin/../share/sdcc/lib/small/mcs51.lib    [     crtstart.rel ]
/usr/bin/../share/sdcc/lib/small/libsdcc.lib    [     _startup.rel ]

ASxxxx Linker V01.75 + NoICE + SDCC Feb 1999,  page 2.

User Base Address Definitions

HOME = 0x0000
ISEG = 0x0000
BSEG = 0x0000


?ASlink-Warning-Undefined Global '_event' referenced by module 'rauchmelder'

?ASlink-Warning-Undefined Global '_process_tel' referenced by module 'rauchmelder'

?ASlink-Warning-Undefined Global '_restart_app' referenced by module 'rauchmelder'

?ASlink-Warning-Undefined Global '_alarm_obj' referenced by module 'rauchmelder'

?ASlink-Warning-Undefined Global '_T1_int' referenced by module 'rauchmelder'

?ASlink-Warning-Undefined Global '_X1_int' referenced by module 'rauchmelder'

?ASlink-Warning-Undefined Global '_connected' referenced by module 'rauchmelder'

?ASlink-Warning-Undefined Global '_stoerung' referenced by module 'rauchmelder'

?ASlink-Warning-Undefined Global '_fernalarm' referenced by module 'rauchmelder'

?ASlink-Warning-Undefined Global '_send_obj_value' referenced by module 'rauchmelder'

?ASlink-Warning-Undefined Global '_restart_hw' referenced by module 'rauchmelder'

?ASlink-Warning-Undefined Global '_eeprom' referenced by module 'rauchmelder'

?ASlink-Warning-Undefined Global '_key' referenced by module 'rauchmelder'

?ASlink-Warning-Undefined Global '_status60' referenced by module 'rauchmelder'

?ASlink-Warning-Undefined Global '_alarm' referenced by module 'rauchmelder'

?ASlink-Warning-Undefined Global '_delay_timer' referenced by module 'rauchmelder'

?ASlink-Warning-Undefined Global '_stoerung_obj' referenced by module 'rauchmelder'

?ASlink-Warning-Undefined Global '_tel_arrived' referenced by module 'rauchmelder'
